15:48:24 **** Incremental Build of configuration Debug for project conv_vitis ****
make all 
make --no-print-directory pre-build
a9-linaro-pre-build-step
' '
make --no-print-directory main-build
'Building file: ../src/main.c'
'Invoking: ARM v7 gcc compiler'
arm-none-eabi-gcc -Wall -O0 -g3 -c -fmessage-length=0 -MT"src/main.o" -mcpu=cortex-a9 -mfpu=vfpv3 -mfloat-abi=hard -IC:/Users/rolland/Documents/GIT/A-Eye/A-Eye_FPGA/vitis/conv_v2/export/conv_v2/sw/conv_v2/standalone_domain/bspinclude/include -MMD -MP -MF"src/main.d" -MT"src/main.o" -o "src/main.o" "../src/main.c"
'Finished building: ../src/main.c'
' '
'Building file: ../src/platform.c'
'Invoking: ARM v7 gcc compiler'
arm-none-eabi-gcc -Wall -O0 -g3 -c -fmessage-length=0 -MT"src/platform.o" -mcpu=cortex-a9 -mfpu=vfpv3 -mfloat-abi=hard -IC:/Users/rolland/Documents/GIT/A-Eye/A-Eye_FPGA/vitis/conv_v2/export/conv_v2/sw/conv_v2/standalone_domain/bspinclude/include -MMD -MP -MF"src/platform.d" -MT"src/platform.o" -o "src/platform.o" "../src/platform.c"
'Finished building: ../src/platform.c'
' '
'Building target: conv_vitis.elf'
'Invoking: ARM v7 gcc linker'
arm-none-eabi-gcc -mcpu=cortex-a9 -mfpu=vfpv3 -mfloat-abi=hard -Wl,-build-id=none -specs=Xilinx.spec -Wl,-T -Wl,../src/lscript.ld -LC:/Users/rolland/Documents/GIT/A-Eye/A-Eye_FPGA/vitis/conv_v2/export/conv_v2/sw/conv_v2/standalone_domain/bsplib/lib -o "conv_vitis.elf"  ./src/main.o ./src/platform.o   -Wl,--start-group,-lxil,-lgcc,-lc,--end-group
'Finished building target: conv_vitis.elf'
' '
'Invoking: ARM v7 Print Size'
arm-none-eabi-size conv_vitis.elf  |tee "conv_vitis.elf.size"
   text	   data	    bss	    dec	    hex	filename
  29066	   2184	  22632	  53882	   d27a	conv_vitis.elf
'Finished building: conv_vitis.elf.size'
' '

15:48:28 Build Finished (took 4s.668ms)

